[     693ms] [VERBOSE] [DOM] Input elements should have autocomplete attributes (suggested: "current-password"): (More info: https://goo.gl/9p2vKq) %o @ https://sentry.io/auth/login/:0
[   61894ms] [VERBOSE] [DOM] Password field is not contained in a form: (More info: https://goo.gl/9p2vKq) %o @ https://accounts.google.com/v3/signin/identifier?opparams=%253F&dsh=S-1019883056%3A1787861704686764&client_id=1060652057516-a89b41kuqhobbocqtb3fr4mut2bfljb0.apps.googleusercontent.com&o2v=1&redirect_uri=https%3A%2F%2Fsentry.io%2Fextensions%2Fgoogle%2Fsetup%2F&response_type=code&scope=email&service=lso&state=e3df019c11a42b1d1d5357b4616d4923dd2ce02d98d5f03387126207457e65d1&flowName=GeneralOAuthFlow&continue=https%3A%2F%2Faccounts.google.com%2Fsignin%2Foauth%2Fv3%2Fconsent%3Fauthuser%3Dunknown%26part%3DAJi8hAOi71gmdREdWnML7jZRsSHUEXV2DPA6gYLymHgDQ6zOlsMFiTVQhOGheAXoxvTDdUnBaoo-juqYHgyOaGLKf0vIM_siaqz1DFC-G-lMymJs04iy3UzUFil93JQ99B3Yrp3arJSUyPQOBIQlYXCJZRUNvKG_aK8RKsAX8ULdKmheorQjlduLbR9bqTk4VTS_huDPJfLo6eQHHYGy556Sl59knMdwbXuuMzu9ugMnB45fOZBDm2WDF9qovrJi8da0xwfe5aEms7TU2OCRFAxvS__WF2IEmci-_ce6tmYdBwIsHKZiRWzl_b0eBUBfgsms21zuLa918wHTgzKPmq4ca0xBn7OFh5zIRoGRdTFR3mAIUb7aMczGBFYAYodYOfiinK4EFkPIb-M8H8tCbuqI7ZO365I6qe6gwy4kk8ptXZnwy3fa0cdZhssKFa6m_d5fIFSOH-mPt8_jj-m6SdlRPumQUPlcRA%26flowName%3DGeneralOAuthFlow%26as%3DS-1019883056%253A1787861704686764%26client_id%3D1060652057516-a89b41kuqhobbocqtb3fr4mut2bfljb0.apps.googleusercontent.com%26requestPath%3D%252Fsignin%252Foauth%252Fv3%252Fconsent%23&app_domain=https%3A%2F%2Fsentry.io&rart=ANgoxcfTkWdzQoV6ruuAMiMyFu2iPFP_TRkijUS_wojQWQ8pwiLJ_j05pEUfEfK61XnAIWetfLknGxZIykxo28CQTnMWA6pmdldnCLsDx_OC6XG0KMTyGxI:0
[   61914ms] [LOG] %c%s color: red; background: yellow; font-size: 24px; WARNING! @ https://www.gstatic.com/_/mss/boq-identity/_/js/k=boq-identity.AccountsSignInUi.en_US.qYopU9lN7VM.es5.O/am=EQEAAAAGvJEAIP__vwEADCDYDvi-FkATIGQAAAAAAAAAAAALAADQEEA/d=1/excm=_b,_tp,identifierview/ed=1/dg=0/wt=2/ujg=1/rs=AOaEmlETb3vzv_JthJCGMYnYmRgEHi2-TA/dti=1/m=_b,_tp:559
[   61914ms] [LOG] %c%s font-size: 18px; Using this console may allow attackers to impersonate you and steal your information using an attack called Self-XSS.
Do not enter or paste code that you do not understand. @ https://www.gstatic.com/_/mss/boq-identity/_/js/k=boq-identity.AccountsSignInUi.en_US.qYopU9lN7VM.es5.O/am=EQEAAAAGvJEAIP__vwEADCDYDvi-FkATIGQAAAAAAAAAAAALAADQEEA/d=1/excm=_b,_tp,identifierview/ed=1/dg=0/wt=2/ujg=1/rs=AOaEmlETb3vzv_JthJCGMYnYmRgEHi2-TA/dti=1/m=_b,_tp:559
[   62875ms] [WARNING] The powerPreference option is currently ignored when calling requestAdapter() on Windows. See https://crbug.com/369219127 @ :0
[   62880ms] [WARNING] The powerPreference option is currently ignored when calling requestAdapter() on Windows. See https://crbug.com/369219127 @ :0
[   79702ms] [VERBOSE] [DOM] Password field is not contained in a form: (More info: https://goo.gl/9p2vKq) %o @ https://accounts.google.com/v3/signin/challenge/pwd?TL=ACv9tzF-183THCxSgOruS4SuLpn7tPy3UA8yP3fuxBpXH4BGQTMVik3Ovcdegib1&app_domain=https%3A%2F%2Fsentry.io&checkConnection=youtube%3A276&checkedDomains=youtube&cid=2&client_id=1060652057516-a89b41kuqhobbocqtb3fr4mut2bfljb0.apps.googleusercontent.com&continue=https%3A%2F%2Faccounts.google.com%2Fsignin%2Foauth%2Fv3%2Fconsent%3Fauthuser%3Dunknown%26part%3DAJi8hAOi71gmdREdWnML7jZRsSHUEXV2DPA6gYLymHgDQ6zOlsMFiTVQhOGheAXoxvTDdUnBaoo-juqYHgyOaGLKf0vIM_siaqz1DFC-G-lMymJs04iy3UzUFil93JQ99B3Yrp3arJSUyPQOBIQlYXCJZRUNvKG_aK8RKsAX8ULdKmheorQjlduLbR9bqTk4VTS_huDPJfLo6eQHHYGy556Sl59knMdwbXuuMzu9ugMnB45fOZBDm2WDF9qovrJi8da0xwfe5aEms7TU2OCRFAxvS__WF2IEmci-_ce6tmYdBwIsHKZiRWzl_b0eBUBfgsms21zuLa918wHTgzKPmq4ca0xBn7OFh5zIRoGRdTFR3mAIUb7aMczGBFYAYodYOfiinK4EFkPIb-M8H8tCbuqI7ZO365I6qe6gwy4kk8ptXZnwy3fa0cdZhssKFa6m_d5fIFSOH-mPt8_jj-m6SdlRPumQUPlcRA%26flowName%3DGeneralOAuthFlow%26as%3DS-1019883056%253A1787861704686764%26client_id%3D1060652057516-a89b41kuqhobbocqtb3fr4mut2bfljb0.apps.googleusercontent.com%26requestPath%3D%252Fsignin%252Foauth%252Fv3%252Fconsent%23&dsh=S-1019883056%3A1787861704686764&flowName=GeneralOAuthFlow&o2v=1&opparams=%253F&pstMsg=1&rart=ANgoxcfTkWdzQoV6ruuAMiMyFu2iPFP_TRkijUS_wojQWQ8pwiLJ_j05pEUfEfK61XnAIWetfLknGxZIykxo28CQTnMWA6pmdldnCLsDx_OC6XG0KMTyGxI&redirect_uri=https%3A%2F%2Fsentry.io%2Fextensions%2Fgoogle%2Fsetup%2F&response_type=code&scope=email&service=lso&state=e3df019c11a42b1d1d5357b4616d4923dd2ce02d98d5f03387126207457e65d1:0
[   80087ms] [WARNING] The powerPreference option is currently ignored when calling requestAdapter() on Windows. See https://crbug.com/369219127 @ :0
[   61894ms] [VERBOSE] [DOM] Password field is not contained in a form: (More info: https://goo.gl/9p2vKq) %o @ https://accounts.google.com/v3/signin/identifier?opparams=%253F&dsh=S-1019883056%3A1787861704686764&client_id=1060652057516-a89b41kuqhobbocqtb3fr4mut2bfljb0.apps.googleusercontent.com&o2v=1&redirect_uri=https%3A%2F%2Fsentry.io%2Fextensions%2Fgoogle%2Fsetup%2F&response_type=code&scope=email&service=lso&state=e3df019c11a42b1d1d5357b4616d4923dd2ce02d98d5f03387126207457e65d1&flowName=GeneralOAuthFlow&continue=https%3A%2F%2Faccounts.google.com%2Fsignin%2Foauth%2Fv3%2Fconsent%3Fauthuser%3Dunknown%26part%3DAJi8hAOi71gmdREdWnML7jZRsSHUEXV2DPA6gYLymHgDQ6zOlsMFiTVQhOGheAXoxvTDdUnBaoo-juqYHgyOaGLKf0vIM_siaqz1DFC-G-lMymJs04iy3UzUFil93JQ99B3Yrp3arJSUyPQOBIQlYXCJZRUNvKG_aK8RKsAX8ULdKmheorQjlduLbR9bqTk4VTS_huDPJfLo6eQHHYGy556Sl59knMdwbXuuMzu9ugMnB45fOZBDm2WDF9qovrJi8da0xwfe5aEms7TU2OCRFAxvS__WF2IEmci-_ce6tmYdBwIsHKZiRWzl_b0eBUBfgsms21zuLa918wHTgzKPmq4ca0xBn7OFh5zIRoGRdTFR3mAIUb7aMczGBFYAYodYOfiinK4EFkPIb-M8H8tCbuqI7ZO365I6qe6gwy4kk8ptXZnwy3fa0cdZhssKFa6m_d5fIFSOH-mPt8_jj-m6SdlRPumQUPlcRA%26flowName%3DGeneralOAuthFlow%26as%3DS-1019883056%253A1787861704686764%26client_id%3D1060652057516-a89b41kuqhobbocqtb3fr4mut2bfljb0.apps.googleusercontent.com%26requestPath%3D%252Fsignin%252Foauth%252Fv3%252Fconsent%23&app_domain=https%3A%2F%2Fsentry.io&rart=ANgoxcfTkWdzQoV6ruuAMiMyFu2iPFP_TRkijUS_wojQWQ8pwiLJ_j05pEUfEfK61XnAIWetfLknGxZIykxo28CQTnMWA6pmdldnCLsDx_OC6XG0KMTyGxI:0
[   62875ms] [WARNING] The powerPreference option is currently ignored when calling requestAdapter() on Windows. See https://crbug.com/369219127 @ :0
[   62880ms] [WARNING] The powerPreference option is currently ignored when calling requestAdapter() on Windows. See https://crbug.com/369219127 @ :0
[   79702ms] [VERBOSE] [DOM] Password field is not contained in a form: (More info: https://goo.gl/9p2vKq) %o @ https://accounts.google.com/v3/signin/challenge/pwd?TL=ACv9tzF-183THCxSgOruS4SuLpn7tPy3UA8yP3fuxBpXH4BGQTMVik3Ovcdegib1&app_domain=https%3A%2F%2Fsentry.io&checkConnection=youtube%3A276&checkedDomains=youtube&cid=2&client_id=1060652057516-a89b41kuqhobbocqtb3fr4mut2bfljb0.apps.googleusercontent.com&continue=https%3A%2F%2Faccounts.google.com%2Fsignin%2Foauth%2Fv3%2Fconsent%3Fauthuser%3Dunknown%26part%3DAJi8hAOi71gmdREdWnML7jZRsSHUEXV2DPA6gYLymHgDQ6zOlsMFiTVQhOGheAXoxvTDdUnBaoo-juqYHgyOaGLKf0vIM_siaqz1DFC-G-lMymJs04iy3UzUFil93JQ99B3Yrp3arJSUyPQOBIQlYXCJZRUNvKG_aK8RKsAX8ULdKmheorQjlduLbR9bqTk4VTS_huDPJfLo6eQHHYGy556Sl59knMdwbXuuMzu9ugMnB45fOZBDm2WDF9qovrJi8da0xwfe5aEms7TU2OCRFAxvS__WF2IEmci-_ce6tmYdBwIsHKZiRWzl_b0eBUBfgsms21zuLa918wHTgzKPmq4ca0xBn7OFh5zIRoGRdTFR3mAIUb7aMczGBFYAYodYOfiinK4EFkPIb-M8H8tCbuqI7ZO365I6qe6gwy4kk8ptXZnwy3fa0cdZhssKFa6m_d5fIFSOH-mPt8_jj-m6SdlRPumQUPlcRA%26flowName%3DGeneralOAuthFlow%26as%3DS-1019883056%253A1787861704686764%26client_id%3D1060652057516-a89b41kuqhobbocqtb3fr4mut2bfljb0.apps.googleusercontent.com%26requestPath%3D%252Fsignin%252Foauth%252Fv3%252Fconsent%23&dsh=S-1019883056%3A1787861704686764&flowName=GeneralOAuthFlow&o2v=1&opparams=%253F&pstMsg=1&rart=ANgoxcfTkWdzQoV6ruuAMiMyFu2iPFP_TRkijUS_wojQWQ8pwiLJ_j05pEUfEfK61XnAIWetfLknGxZIykxo28CQTnMWA6pmdldnCLsDx_OC6XG0KMTyGxI&redirect_uri=https%3A%2F%2Fsentry.io%2Fextensions%2Fgoogle%2Fsetup%2F&response_type=code&scope=email&service=lso&state=e3df019c11a42b1d1d5357b4616d4923dd2ce02d98d5f03387126207457e65d1:0
[   80087ms] [WARNING] The powerPreference option is currently ignored when calling requestAdapter() on Windows. See https://crbug.com/369219127 @ :0
[  440688ms] [LOG] %c%s color: red; background: yellow; font-size: 24px; WARNING! @ https://www.gstatic.com/_/mss/boq-identity/_/js/k=boq-identity.OAuthUi.en.-1dKA2moOUc.es5.O/am=EgAAAAAAAoD__28AwXbgfQ2gAAEAAAAAAAAAAAMAQAg/d=1/excm=_b,_tp,attributesview/ed=1/dg=0/wt=2/ujg=1/rs=AOaEmlEIqM7YsCGN3DtohpNo0SzbceoIdQ/dti=1/m=_b,_tp:547
[  440688ms] [LOG] %c%s font-size: 18px; Using this console may allow attackers to impersonate you and steal your information using an attack called Self-XSS.
Do not enter or paste code that you do not understand. @ https://www.gstatic.com/_/mss/boq-identity/_/js/k=boq-identity.OAuthUi.en.-1dKA2moOUc.es5.O/am=EgAAAAAAAoD__28AwXbgfQ2gAAEAAAAAAAAAAAMAQAg/d=1/excm=_b,_tp,attributesview/ed=1/dg=0/wt=2/ujg=1/rs=AOaEmlEIqM7YsCGN3DtohpNo0SzbceoIdQ/dti=1/m=_b,_tp:547
[  453467ms] [ERROR] Document policy violation: js-profiling is not allowed in this document. @ https://s1.sentry-cdn.com/_static/dist/sentry/chunks/v4v.f2595af782278cf2.js:504
[  475000ms] [LOG] %c
       ██████╗ ███████╗███╗   ██╗████████╗██████╗ ██╗   ██╗
      ██╔════╝ ██╔════╝████╗  ██║╚══██╔══╝██╔══██╗╚██╗ ██╔╝
      ╚█████╗  █████╗  ██╔██╗ ██║   ██║   ██████╔╝ ╚████╔╝
       ╚═══██╗ ██╔══╝  ██║╚██╗██║   ██║   ██╔══██╗  ╚██╔╝
      ██████╔╝ ███████╗██║ ╚████║   ██║   ██║  ██║   ██║
      ╚═════╝  ╚══════╝╚═╝  ╚═══╝   ╚═╝   ╚═╝  ╚═╝   ╚═╝

      👋 Hey, you opened the console!

      Found a bug?
      Yeah, we probably know about it. We literally built a company
      around finding and fixing bugs. The irony isn't lost on us.

      📚 Docs: https://docs.sentry.io/
      💬 Ideas? Complaints? Hot takes? https://github.com/getsentry/sentry/discussions

      Like poking around in dev tools? We like that about you.
      We're hiring: https://sentry.io/careers/
      (We have snacks. And opinions about error handling.)
     color: #653DE9; font-family: 'Roboto Mono', Monaco, Consolas, 'Courier New', monospace; @ https://s1.sentry-cdn.com/_static/dist/sentry/chunks/v4v.f2595af782278cf2.js:504
