[     437ms] [INFO] %cDownload the React DevTools for a better development experience: https://react.dev/link/react-devtools font-weight:bold @ http://127.0.0.1:8081/node_modules/expo/AppEntry.bundle?platform=web&dev=true&hot=false&lazy=true&transform.engine=hermes&transform.routerRoot=app&unstable_transformProfile=hermes-stable:19025
[     503ms] [WARNING] "shadow*" style props are deprecated. Use "boxShadow". @ http://127.0.0.1:8081/node_modules/expo/AppEntry.bundle?platform=web&dev=true&hot=false&lazy=true&transform.engine=hermes&transform.routerRoot=app&unstable_transformProfile=hermes-stable:23929
[     512ms] [LOG] Running application "main" with appParams:
 {rootTag: #root, hydrate: undefined} 
Development-level warnings: ON.
Performance optimizations: OFF. @ http://127.0.0.1:8081/node_modules/expo/AppEntry.bundle?platform=web&dev=true&hot=false&lazy=true&transform.engine=hermes&transform.routerRoot=app&unstable_transformProfile=hermes-stable:4744
[     544ms] [WARNING] props.pointerEvents is deprecated. Use style.pointerEvents @ http://127.0.0.1:8081/node_modules/expo/AppEntry.bundle?platform=web&dev=true&hot=false&lazy=true&transform.engine=hermes&transform.routerRoot=app&unstable_transformProfile=hermes-stable:23929
[     619ms] [ERROR] Received `%s` for a non-boolean attribute `%s`.

If you want to write it to the DOM, pass a string instead: %s="%s" or %s={value.toString()}.

If you used to conditionally omit it with %s={condition && value}, pass %s={condition ? value : undefined} instead. false collapsable collapsable false collapsable collapsable collapsable @ http://127.0.0.1:8081/node_modules/expo/AppEntry.bundle?platform=web&dev=true&hot=false&lazy=true&transform.engine=hermes&transform.routerRoot=app&unstable_transformProfile=hermes-stable:7042
[     625ms] [ERROR] Received `%s` for a non-boolean attribute `%s`.

If you want to write it to the DOM, pass a string instead: %s="%s" or %s={value.toString()}.

If you used to conditionally omit it with %s={condition && value}, pass %s={condition ? value : undefined} instead. false accessible accessible false accessible accessible accessible @ http://127.0.0.1:8081/node_modules/expo/AppEntry.bundle?platform=web&dev=true&hot=false&lazy=true&transform.engine=hermes&transform.routerRoot=app&unstable_transformProfile=hermes-stable:7042
[    2937ms] [WARNING] [expo-notifications] Listening to push token changes is not yet fully supported on web. Adding a listener will have no effect. @ :257739
[    3235ms] [INFO] [startup] phase {phase: Loading routes, stops, and schedules..., elapsedMs: 194, percent: 55, ready: false} @ :53378
[    3242ms] [INFO] Transit diagnostics updated {overall: Object, staticData: Object, realtimeVehicles: Object, routing: Object, proxyApi: Object} @ :125581
[    3324ms] [INFO] [startup] phase {phase: ready, elapsedMs: 283, percent: 100, ready: true} @ :53378
[    3325ms] [INFO] [startup] ready {elapsedMs: 284, routes: 0, stops: 0} @ :53396
[    3326ms] [WARNING] Animated: `useNativeDriver` is not supported because the native animated module is missing. Falling back to JS-based animation. To resolve this, add `RCTAnimation` module to this app, or remove `useNativeDriver`. Make sure to run `bundle exec pod install` first. Read more about autolinking: https://github.com/react-native-community/cli/blob/master/docs/autolinking.md @ http://127.0.0.1:8081/node_modules/expo/AppEntry.bundle?platform=web&dev=true&hot=false&lazy=true&transform.engine=hermes&transform.routerRoot=app&unstable_transformProfile=hermes-stable:36603
[    3327ms] [INFO] Transit diagnostics updated {overall: Object, staticData: Object, realtimeVehicles: Object, routing: Object, proxyApi: Object} @ :125581
[    3724ms] [INFO] [startup] phase {phase: Loading routes, stops, and schedules..., elapsedMs: 683, percent: 55, ready: false} @ :53378
[    3726ms] [INFO] Transit diagnostics updated {overall: Object, staticData: Object, realtimeVehicles: Object, routing: Object, proxyApi: Object} @ :125581
[    5295ms] [INFO] Transit diagnostics updated {overall: Object, staticData: Object, realtimeVehicles: Object, routing: Object, proxyApi: Object} @ :125581
[    6613ms] [ERROR] In HTML, %s cannot be a descendant of <%s>.
This will cause a hydration error.%s <button> button 

  ...
    <EnsureSingleNavigator>
      <StaticContainer name="MapMain" render={function HomeScreenWebShell} navigation={{...}} ...>
        <HomeScreenWebShell navigation={{...}} route={{name:"MapMain", ...}}>
          <HomeScreen navigation={{...}} route={{name:"MapMain", ...}}>
            <View style={{flex:1, ...}} accessibilityElementsHidden={false} importantForAccessibility="auto" ...>
              <div dir={null} ref={function forwardRef} className="css-view-g...">
                <div>
                <MapTapPopup>
                <View>
                <SurveyNudgeBanner>
                <DetourAlertStrip>
                <UpcomingDetourStrip>
                <OfficialImpactStrip impacts={[...]} routeColorByRouteId={{10:"#681757", ...}} onDismiss={function} ...>
                  <View style={[...]} pointerEvents="box-none">
                    <div dir={null} ref={function forwardRef} className="css-view-g..." style={{top:"230px", ...}}>
                      <TouchableOpacity style={[...]} activeOpacity={0.84} onPress={function handlePress} ...>
                        <View accessibilityRole="button" accessibilityLabel="4 official..." ...>
>                         <button
>                           onKeyDown={function onKeyDown}
>                           onClick={function onClick}
>                           onContextMenu={function onContextMenu}
>                           dir={null}
>                           ref={function forwardRef}
>                           aria-label="4 official detour notices: Mapleview Detour and Shuttle"
>                           role="button"
>                           className="css-view-g5y9jx r-transitionProperty-1i6wzkk r-userSelect-lrvibr r-cursor-1loqt..."
>                           style={{transitionDuration:"0s"}}
>                           type="button"
>                         >
                            <View>
                            <View>
                            <View>
                            <TouchableOpacity style={{width:44,height:44, ...}} onPress={function onPress} ...>
                              <View accessibilityRole="button" accessibilityLabel="Hide plann..." ...>
>                               <button
>                                 onKeyDown={function onKeyDown}
>                                 onClick={function onClick}
>                                 onContextMenu={function onContextMenu}
>                                 dir={null}
>                                 ref={function forwardRef}
>                                 aria-label="Hide planned detour notice"
>                                 role="button"
>                                 className="css-view-g5y9jx r-transitionProperty-1i6wzkk r-userSelect-lrvibr r-cursor..."
>                                 style={{transitionDuration:"0s"}}
>                                 type="button"
>                               >
                ...
                ...
 @ http://127.0.0.1:8081/node_modules/expo/AppEntry.bundle?platform=web&dev=true&hot=false&lazy=true&transform.engine=hermes&transform.routerRoot=app&unstable_transformProfile=hermes-stable:6857
[    6613ms] [ERROR] <%s> cannot contain a nested %s.
See this log for the ancestor stack trace. button <button> @ http://127.0.0.1:8081/node_modules/expo/AppEntry.bundle?platform=web&dev=true&hot=false&lazy=true&transform.engine=hermes&transform.routerRoot=app&unstable_transformProfile=hermes-stable:6859
[    6690ms] [INFO] [startup] phase {phase: ready, elapsedMs: 3649, percent: 100, ready: true} @ :53378
[    6690ms] [INFO] [startup] ready {elapsedMs: 3650, routes: 15, stops: 556} @ :53396
[    6694ms] [INFO] Transit diagnostics updated {overall: Object, staticData: Object, realtimeVehicles: Object, routing: Object, proxyApi: Object} @ :125581
[    6820ms] [INFO] Transit diagnostics updated {overall: Object, staticData: Object, realtimeVehicles: Object, routing: Object, proxyApi: Object} @ :125581
[    7163ms] [INFO] Transit diagnostics updated {overall: Object, staticData: Object, realtimeVehicles: Object, routing: Object, proxyApi: Object} @ :125581
[   59501ms] [WARNING] [LocalGeocoding] Failed to load address data: The method or property expo-file-system.readAsStringAsync is not available on web, are you sure you've linked all the native dependencies properly? @ :287492
[  167312ms] [INFO] Transit diagnostics updated {overall: Object, staticData: Object, realtimeVehicles: Object, routing: Object, proxyApi: Object} @ :125581
[  167364ms] [INFO] Trip planning route selected {source: local_router, usedMock: false, fallbackReason: null, fallbackFrom: null, localRouterError: null} @ :291679
[  179106ms] [WARNING] Trip planning search failed {code: TIMEOUT, message: Trip planning timed out} @ :237230
[  179106ms] [WARNING] Trip planning failed {code: TIMEOUT, message: Trip planning timed out, timeMode: now} @ :237237
